Archive member included because of file (symbol)

c:/winavr-20100110/bin/../lib/gcc/avr/4.3.3/avr5\libgcc.a(_mulsi3.o)
                              ./02-Source/00-Library/Scr/Bit_math.o (__mulsi3)
c:/winavr-20100110/bin/../lib/gcc/avr/4.3.3/avr5\libgcc.a(_udivmodhi4.o)
                              ./02-Source/02-HAL/LCD/Src/LCD.o (__udivmodhi4)
c:/winavr-20100110/bin/../lib/gcc/avr/4.3.3/avr5\libgcc.a(_divmodsi4.o)
                              ./02-Source/00-Library/Scr/Bit_math.o (__divmodsi4)
c:/winavr-20100110/bin/../lib/gcc/avr/4.3.3/avr5\libgcc.a(_exit.o)
                              c:/winavr-20100110/bin/../lib/gcc/avr/4.3.3/../../../../avr/lib/avr5/crtm32.o (exit)
c:/winavr-20100110/bin/../lib/gcc/avr/4.3.3/avr5\libgcc.a(_copy_data.o)
                              ./02-Source/04-Application/main.o (__do_copy_data)
c:/winavr-20100110/bin/../lib/gcc/avr/4.3.3/avr5\libgcc.a(_clear_bss.o)
                              ./02-Source/04-Application/main.o (__do_clear_bss)
c:/winavr-20100110/bin/../lib/gcc/avr/4.3.3/avr5\libgcc.a(_fixunssfsi.o)
                              ./02-Source/02-HAL/LCD/Src/LCD.o (__fixunssfsi)
c:/winavr-20100110/bin/../lib/gcc/avr/4.3.3/avr5\libgcc.a(_addsub_sf.o)
                              c:/winavr-20100110/bin/../lib/gcc/avr/4.3.3/avr5\libgcc.a(_fixunssfsi.o) (__subsf3)
c:/winavr-20100110/bin/../lib/gcc/avr/4.3.3/avr5\libgcc.a(_mul_sf.o)
                              ./02-Source/02-HAL/LCD/Src/LCD.o (__mulsf3)
c:/winavr-20100110/bin/../lib/gcc/avr/4.3.3/avr5\libgcc.a(_div_sf.o)
                              ./02-Source/02-HAL/LCD/Src/LCD.o (__divsf3)
c:/winavr-20100110/bin/../lib/gcc/avr/4.3.3/avr5\libgcc.a(_gt_sf.o)
                              ./02-Source/02-HAL/LCD/Src/LCD.o (__gtsf2)
c:/winavr-20100110/bin/../lib/gcc/avr/4.3.3/avr5\libgcc.a(_ge_sf.o)
                              c:/winavr-20100110/bin/../lib/gcc/avr/4.3.3/avr5\libgcc.a(_fixunssfsi.o) (__gesf2)
c:/winavr-20100110/bin/../lib/gcc/avr/4.3.3/avr5\libgcc.a(_lt_sf.o)
                              ./02-Source/02-HAL/LCD/Src/LCD.o (__ltsf2)
c:/winavr-20100110/bin/../lib/gcc/avr/4.3.3/avr5\libgcc.a(_sf_to_si.o)
                              c:/winavr-20100110/bin/../lib/gcc/avr/4.3.3/avr5\libgcc.a(_fixunssfsi.o) (__fixsfsi)
c:/winavr-20100110/bin/../lib/gcc/avr/4.3.3/avr5\libgcc.a(_thenan_sf.o)
                              c:/winavr-20100110/bin/../lib/gcc/avr/4.3.3/avr5\libgcc.a(_addsub_sf.o) (__thenan_sf)
c:/winavr-20100110/bin/../lib/gcc/avr/4.3.3/avr5\libgcc.a(_udivmodsi4.o)
                              c:/winavr-20100110/bin/../lib/gcc/avr/4.3.3/avr5\libgcc.a(_divmodsi4.o) (__udivmodsi4)
c:/winavr-20100110/bin/../lib/gcc/avr/4.3.3/avr5\libgcc.a(_prologue.o)
                              c:/winavr-20100110/bin/../lib/gcc/avr/4.3.3/avr5\libgcc.a(_addsub_sf.o) (__prologue_saves__)
c:/winavr-20100110/bin/../lib/gcc/avr/4.3.3/avr5\libgcc.a(_epilogue.o)
                              c:/winavr-20100110/bin/../lib/gcc/avr/4.3.3/avr5\libgcc.a(_addsub_sf.o) (__epilogue_restores__)
c:/winavr-20100110/bin/../lib/gcc/avr/4.3.3/avr5\libgcc.a(_pack_sf.o)
                              c:/winavr-20100110/bin/../lib/gcc/avr/4.3.3/avr5\libgcc.a(_addsub_sf.o) (__pack_f)
c:/winavr-20100110/bin/../lib/gcc/avr/4.3.3/avr5\libgcc.a(_unpack_sf.o)
                              c:/winavr-20100110/bin/../lib/gcc/avr/4.3.3/avr5\libgcc.a(_addsub_sf.o) (__unpack_f)
c:/winavr-20100110/bin/../lib/gcc/avr/4.3.3/avr5\libgcc.a(_fpcmp_parts_sf.o)
                              c:/winavr-20100110/bin/../lib/gcc/avr/4.3.3/avr5\libgcc.a(_gt_sf.o) (__fpcmp_parts_f)
c:/winavr-20100110/bin/../lib/gcc/avr/4.3.3/../../../../avr/lib/avr5\libc.a(memset.o)
                              ./02-Source/04-Application/main.o (memset)

Allocating common symbols
Common symbol       size              file

middle              0x1               ./02-Source/04-Application/main.o
little              0x1               ./02-Source/04-Application/main.o
index_F             0x1               ./02-Source/04-Application/main.o
UART_RxBuffer       0x19              ./02-Source/01-MCAL/UART/Src/Uart.o
ring                0x1               ./02-Source/04-Application/main.o
thumb               0x1               ./02-Source/04-Application/main.o

Memory Configuration

Name             Origin             Length             Attributes
text             0x00000000         0x00020000         xr
data             0x00800060         0x0000ffa0         rw !x
eeprom           0x00810000         0x00010000         rw !x
fuse             0x00820000         0x00000400         rw !x
lock             0x00830000         0x00000400         rw !x
signature        0x00840000         0x00000400         rw !x
*default*        0x00000000         0xffffffff

Linker script and memory map

LOAD c:/winavr-20100110/bin/../lib/gcc/avr/4.3.3/../../../../avr/lib/avr5/crtm32.o
LOAD ./02-Source/04-Application/main.o
LOAD ./02-Source/02-HAL/LED/Src/Led.o
LOAD ./02-Source/02-HAL/LCD/Src/LCD.o
LOAD ./02-Source/02-HAL/LCD/Src/Lcd_Cfg.o
LOAD ./02-Source/02-HAL/Eeprom24C16/Src/ Eeprom24C16.o
LOAD ./02-Source/02-HAL/BUZZER/Src/buzzer.o
LOAD ./02-Source/01-MCAL/UART/Src/Uart.o
LOAD ./02-Source/01-MCAL/Interrupt/Global interrupt/Src/GINT.o
LOAD ./02-Source/01-MCAL/Interrupt/EXT_INT/Scr/Ext_Int.o
LOAD ./02-Source/01-MCAL/I2C/Src/I2c.o
LOAD ./02-Source/01-MCAL/EEPROM/Src/Eeprom.o
LOAD ./02-Source/01-MCAL/DIO/Src/Dio.o
LOAD ./02-Source/01-MCAL/ADC/Src/Adc.o
LOAD ./02-Source/00-Library/Scr/Bit_math.o
LOAD c:/winavr-20100110/bin/../lib/gcc/avr/4.3.3/avr5\libgcc.a
LOAD c:/winavr-20100110/bin/../lib/gcc/avr/4.3.3/../../../../avr/lib/avr5\libc.a
LOAD c:/winavr-20100110/bin/../lib/gcc/avr/4.3.3/avr5\libgcc.a

.hash
 *(.hash)

.dynsym
 *(.dynsym)

.dynstr
 *(.dynstr)

.gnu.version
 *(.gnu.version)

.gnu.version_d
 *(.gnu.version_d)

.gnu.version_r
 *(.gnu.version_r)

.rel.init
 *(.rel.init)

.rela.init
 *(.rela.init)

.rel.text
 *(.rel.text)
 *(.rel.text.*)
 *(.rel.gnu.linkonce.t*)

.rela.text
 *(.rela.text)
 *(.rela.text.*)
 *(.rela.gnu.linkonce.t*)

.rel.fini
 *(.rel.fini)

.rela.fini
 *(.rela.fini)

.rel.rodata
 *(.rel.rodata)
 *(.rel.rodata.*)
 *(.rel.gnu.linkonce.r*)

.rela.rodata
 *(.rela.rodata)
 *(.rela.rodata.*)
 *(.rela.gnu.linkonce.r*)

.rel.data
 *(.rel.data)
 *(.rel.data.*)
 *(.rel.gnu.linkonce.d*)

.rela.data
 *(.rela.data)
 *(.rela.data.*)
 *(.rela.gnu.linkonce.d*)

.rel.ctors
 *(.rel.ctors)

.rela.ctors
 *(.rela.ctors)

.rel.dtors
 *(.rel.dtors)

.rela.dtors
 *(.rela.dtors)

.rel.got
 *(.rel.got)

.rela.got
 *(.rela.got)

.rel.bss
 *(.rel.bss)

.rela.bss
 *(.rela.bss)

.rel.plt
 *(.rel.plt)

.rela.plt
 *(.rela.plt)

.text           0x00000000     0x3e78
 *(.vectors)
 .vectors       0x00000000       0x54 c:/winavr-20100110/bin/../lib/gcc/avr/4.3.3/../../../../avr/lib/avr5/crtm32.o
                0x00000000                __vectors
                0x00000000                __vector_default
 *(.vectors)
 *(.progmem.gcc*)
 *(.progmem*)
                0x00000054                . = ALIGN (0x2)
                0x00000054                __trampolines_start = .
 *(.trampolines)
 .trampolines   0x00000054        0x0 linker stubs
 *(.trampolines*)
                0x00000054                __trampolines_end = .
 *(.jumptables)
 *(.jumptables*)
 *(.lowtext)
 *(.lowtext*)
                0x00000054                __ctors_start = .
 *(.ctors)
                0x00000054                __ctors_end = .
                0x00000054                __dtors_start = .
 *(.dtors)
                0x00000054                __dtors_end = .
 SORT(*)(.ctors)
 SORT(*)(.dtors)
 *(.init0)
 .init0         0x00000054        0x0 c:/winavr-20100110/bin/../lib/gcc/avr/4.3.3/../../../../avr/lib/avr5/crtm32.o
                0x00000054                __init
 *(.init0)
 *(.init1)
 *(.init1)
 *(.init2)
 .init2         0x00000054        0xc c:/winavr-20100110/bin/../lib/gcc/avr/4.3.3/../../../../avr/lib/avr5/crtm32.o
 *(.init2)
 *(.init3)
 *(.init3)
 *(.init4)
 .init4         0x00000060       0x16 c:/winavr-20100110/bin/../lib/gcc/avr/4.3.3/avr5\libgcc.a(_copy_data.o)
                0x00000060                __do_copy_data
 .init4         0x00000076       0x10 c:/winavr-20100110/bin/../lib/gcc/avr/4.3.3/avr5\libgcc.a(_clear_bss.o)
                0x00000076                __do_clear_bss
 *(.init4)
 *(.init5)
 *(.init5)
 *(.init6)
 *(.init6)
 *(.init7)
 *(.init7)
 *(.init8)
 *(.init8)
 *(.init9)
 .init9         0x00000086        0x8 c:/winavr-20100110/bin/../lib/gcc/avr/4.3.3/../../../../avr/lib/avr5/crtm32.o
 *(.init9)
 *(.text)
 .text          0x0000008e        0x4 c:/winavr-20100110/bin/../lib/gcc/avr/4.3.3/../../../../avr/lib/avr5/crtm32.o
                0x0000008e                __vector_1
                0x0000008e                __vector_12
                0x0000008e                __bad_interrupt
                0x0000008e                __vector_6
                0x0000008e                __vector_3
                0x0000008e                __vector_11
                0x0000008e                __vector_17
                0x0000008e                __vector_19
                0x0000008e                __vector_7
                0x0000008e                __vector_5
                0x0000008e                __vector_4
                0x0000008e                __vector_9
                0x0000008e                __vector_2
                0x0000008e                __vector_15
                0x0000008e                __vector_8
                0x0000008e                __vector_14
                0x0000008e                __vector_10
                0x0000008e                __vector_18
                0x0000008e                __vector_20
 .text          0x00000092        0x0 ./02-Source/04-Application/main.o
 .text          0x00000092        0x0 ./02-Source/02-HAL/LED/Src/Led.o
 .text          0x00000092        0x0 ./02-Source/02-HAL/LCD/Src/LCD.o
 .text          0x00000092        0x0 ./02-Source/02-HAL/LCD/Src/Lcd_Cfg.o
 .text          0x00000092        0x0 ./02-Source/02-HAL/Eeprom24C16/Src/ Eeprom24C16.o
 .text          0x00000092        0x0 ./02-Source/02-HAL/BUZZER/Src/buzzer.o
 .text          0x00000092        0x0 ./02-Source/01-MCAL/UART/Src/Uart.o
 .text          0x00000092        0x0 ./02-Source/01-MCAL/Interrupt/Global interrupt/Src/GINT.o
 .text          0x00000092        0x0 ./02-Source/01-MCAL/Interrupt/EXT_INT/Scr/Ext_Int.o
 .text          0x00000092        0x0 ./02-Source/01-MCAL/I2C/Src/I2c.o
 .text          0x00000092        0x0 ./02-Source/01-MCAL/EEPROM/Src/Eeprom.o
 .text          0x00000092        0x0 ./02-Source/01-MCAL/DIO/Src/Dio.o
 .text          0x00000092        0x0 ./02-Source/01-MCAL/ADC/Src/Adc.o
 .text          0x00000092        0x0 ./02-Source/00-Library/Scr/Bit_math.o
 .text          0x00000092        0x0 c:/winavr-20100110/bin/../lib/gcc/avr/4.3.3/avr5\libgcc.a(_mulsi3.o)
 .text          0x00000092        0x0 c:/winavr-20100110/bin/../lib/gcc/avr/4.3.3/avr5\libgcc.a(_udivmodhi4.o)
 .text          0x00000092        0x0 c:/winavr-20100110/bin/../lib/gcc/avr/4.3.3/avr5\libgcc.a(_divmodsi4.o)
 .text          0x00000092        0x0 c:/winavr-20100110/bin/../lib/gcc/avr/4.3.3/avr5\libgcc.a(_exit.o)
 .text          0x00000092        0x0 c:/winavr-20100110/bin/../lib/gcc/avr/4.3.3/avr5\libgcc.a(_copy_data.o)
 .text          0x00000092        0x0 c:/winavr-20100110/bin/../lib/gcc/avr/4.3.3/avr5\libgcc.a(_clear_bss.o)
 .text          0x00000092       0x58 c:/winavr-20100110/bin/../lib/gcc/avr/4.3.3/avr5\libgcc.a(_fixunssfsi.o)
                0x00000092                __fixunssfsi
 .text          0x000000ea      0x354 c:/winavr-20100110/bin/../lib/gcc/avr/4.3.3/avr5\libgcc.a(_addsub_sf.o)
                0x00000382                __subsf3
                0x000003e4                __addsf3
 .text          0x0000043e      0x1f4 c:/winavr-20100110/bin/../lib/gcc/avr/4.3.3/avr5\libgcc.a(_mul_sf.o)
                0x0000043e                __mulsf3
 .text          0x00000632      0x158 c:/winavr-20100110/bin/../lib/gcc/avr/4.3.3/avr5\libgcc.a(_div_sf.o)
                0x00000632                __divsf3
 .text          0x0000078a       0x60 c:/winavr-20100110/bin/../lib/gcc/avr/4.3.3/avr5\libgcc.a(_gt_sf.o)
                0x0000078a                __gtsf2
 .text          0x000007ea       0x60 c:/winavr-20100110/bin/../lib/gcc/avr/4.3.3/avr5\libgcc.a(_ge_sf.o)
                0x000007ea                __gesf2
 .text          0x0000084a       0x60 c:/winavr-20100110/bin/../lib/gcc/avr/4.3.3/avr5\libgcc.a(_lt_sf.o)
                0x0000084a                __ltsf2
 .text          0x000008aa       0xa8 c:/winavr-20100110/bin/../lib/gcc/avr/4.3.3/avr5\libgcc.a(_sf_to_si.o)
                0x000008aa                __fixsfsi
 .text          0x00000952        0x0 c:/winavr-20100110/bin/../lib/gcc/avr/4.3.3/avr5\libgcc.a(_thenan_sf.o)
 .text          0x00000952        0x0 c:/winavr-20100110/bin/../lib/gcc/avr/4.3.3/avr5\libgcc.a(_udivmodsi4.o)
 .text          0x00000952        0x0 c:/winavr-20100110/bin/../lib/gcc/avr/4.3.3/avr5\libgcc.a(_prologue.o)
 .text          0x00000952        0x0 c:/winavr-20100110/bin/../lib/gcc/avr/4.3.3/avr5\libgcc.a(_epilogue.o)
 .text          0x00000952      0x1aa c:/winavr-20100110/bin/../lib/gcc/avr/4.3.3/avr5\libgcc.a(_pack_sf.o)
                0x00000952                __pack_f
 .text          0x00000afc       0xf0 c:/winavr-20100110/bin/../lib/gcc/avr/4.3.3/avr5\libgcc.a(_unpack_sf.o)
                0x00000afc                __unpack_f
 .text          0x00000bec       0xb2 c:/winavr-20100110/bin/../lib/gcc/avr/4.3.3/avr5\libgcc.a(_fpcmp_parts_sf.o)
                0x00000bec                __fpcmp_parts_f
 .text          0x00000c9e        0x0 c:/winavr-20100110/bin/../lib/gcc/avr/4.3.3/../../../../avr/lib/avr5\libc.a(memset.o)
                0x00000c9e                . = ALIGN (0x2)
 *(.text.*)
 .text.__vector_16
                0x00000c9e      0x122 ./02-Source/04-Application/main.o
                0x00000c9e                __vector_16
 .text.main     0x00000dc0     0x1012 ./02-Source/04-Application/main.o
                0x00000dc0                main
 .text.LED_Init
                0x00001dd2       0x2c ./02-Source/02-HAL/LED/Src/Led.o
                0x00001dd2                LED_Init
 .text.LED_ON   0x00001dfe       0x62 ./02-Source/02-HAL/LED/Src/Led.o
                0x00001dfe                LED_ON
 .text.LED_OFF  0x00001e60       0x62 ./02-Source/02-HAL/LED/Src/Led.o
                0x00001e60                LED_OFF
 .text.LED_TOGGLE
                0x00001ec2       0x5c ./02-Source/02-HAL/LED/Src/Led.o
                0x00001ec2                LED_TOGGLE
 .text.Lcd_WriteCustom
                0x00001f1e       0x7a ./02-Source/02-HAL/LCD/Src/LCD.o
 .text.Lcd_Init
                0x00001f98      0x3dc ./02-Source/02-HAL/LCD/Src/LCD.o
                0x00001f98                Lcd_Init
 .text.Enable_Pulse
                0x00002374      0x29a ./02-Source/02-HAL/LCD/Src/LCD.o
 .text.Lcd_Data
                0x0000260e       0x4c ./02-Source/02-HAL/LCD/Src/LCD.o
 .text.Lcd_Cmd  0x0000265a       0x4c ./02-Source/02-HAL/LCD/Src/LCD.o
                0x0000265a                Lcd_Cmd
 .text.Lcd_DisplayNUM
                0x000026a6      0x1fa ./02-Source/02-HAL/LCD/Src/LCD.o
                0x000026a6                Lcd_DisplayNUM
 .text.Lcd_DisplayChr
                0x000028a0       0x1a ./02-Source/02-HAL/LCD/Src/LCD.o
                0x000028a0                Lcd_DisplayChr
 .text.Lcd_DisplayStr
                0x000028ba       0x38 ./02-Source/02-HAL/LCD/Src/LCD.o
                0x000028ba                Lcd_DisplayStr
 .text.Lcd_Goto_Row_Column
                0x000028f2       0x4e ./02-Source/02-HAL/LCD/Src/LCD.o
                0x000028f2                Lcd_Goto_Row_Column
 .text.Lcd_Clear_Display
                0x00002940       0x14 ./02-Source/02-HAL/LCD/Src/LCD.o
                0x00002940                Lcd_Clear_Display
 .text.Eeprom24C16_Init
                0x00002954       0x12 ./02-Source/02-HAL/Eeprom24C16/Src/ Eeprom24C16.o
                0x00002954                Eeprom24C16_Init
 .text.Eeprom24C16_WriteByte
                0x00002966       0x56 ./02-Source/02-HAL/Eeprom24C16/Src/ Eeprom24C16.o
                0x00002966                Eeprom24C16_WriteByte
 .text.Eeprom24c16_ReadByte
                0x000029bc       0x6c ./02-Source/02-HAL/Eeprom24C16/Src/ Eeprom24C16.o
                0x000029bc                Eeprom24c16_ReadByte
 .text.Eeprom24C16_WriteStr
                0x00002a28       0x6e ./02-Source/02-HAL/Eeprom24C16/Src/ Eeprom24C16.o
                0x00002a28                Eeprom24C16_WriteStr
 .text.BUZZER_Init
                0x00002a96       0x18 ./02-Source/02-HAL/BUZZER/Src/buzzer.o
                0x00002a96                BUZZER_Init
 .text.BUZZER_ON
                0x00002aae       0x18 ./02-Source/02-HAL/BUZZER/Src/buzzer.o
                0x00002aae                BUZZER_ON
 .text.BUZZER_OFF
                0x00002ac6       0x18 ./02-Source/02-HAL/BUZZER/Src/buzzer.o
                0x00002ac6                BUZZER_OFF
 .text.BUZZER_TOGGLE
                0x00002ade       0x16 ./02-Source/02-HAL/BUZZER/Src/buzzer.o
                0x00002ade                BUZZER_TOGGLE
 .text.UART_Init
                0x00002af4       0x66 ./02-Source/01-MCAL/UART/Src/Uart.o
                0x00002af4                UART_Init
 .text.UART_TransmitChr
                0x00002b5a       0x34 ./02-Source/01-MCAL/UART/Src/Uart.o
                0x00002b5a                UART_TransmitChr
 .text.UART_TransmitStr
                0x00002b8e       0x38 ./02-Source/01-MCAL/UART/Src/Uart.o
                0x00002b8e                UART_TransmitStr
 .text.UART_TransmitNum
                0x00002bc6       0xa0 ./02-Source/01-MCAL/UART/Src/Uart.o
                0x00002bc6                UART_TransmitNum
 .text.UART_ReceiveChr
                0x00002c66       0x2a ./02-Source/01-MCAL/UART/Src/Uart.o
                0x00002c66                UART_ReceiveChr
 .text.__vector_13
                0x00002c90       0x9c ./02-Source/01-MCAL/UART/Src/Uart.o
                0x00002c90                __vector_13
 .text.GINT_Enable
                0x00002d2c       0x1c ./02-Source/01-MCAL/Interrupt/Global interrupt/Src/GINT.o
                0x00002d2c                GINT_Enable
 .text.GINT_Disable
                0x00002d48       0x1c ./02-Source/01-MCAL/Interrupt/Global interrupt/Src/GINT.o
                0x00002d48                GINT_Disable
 .text.Ext_Interrupt_Enable
                0x00002d64       0x6e ./02-Source/01-MCAL/Interrupt/EXT_INT/Scr/Ext_Int.o
                0x00002d64                Ext_Interrupt_Enable
 .text.Ext_Interrupt_Disable
                0x00002dd2       0x6e ./02-Source/01-MCAL/Interrupt/EXT_INT/Scr/Ext_Int.o
                0x00002dd2                Ext_Interrupt_Disable
 .text.Ext_Interrupt_Sense_Control
                0x00002e40       0xa0 ./02-Source/01-MCAL/Interrupt/EXT_INT/Scr/Ext_Int.o
                0x00002e40                Ext_Interrupt_Sense_Control
 .text.I2C_MasterInit
                0x00002ee0       0x24 ./02-Source/01-MCAL/I2C/Src/I2c.o
                0x00002ee0                I2C_MasterInit
 .text.I2C_SlaveInit
                0x00002f04       0x4a ./02-Source/01-MCAL/I2C/Src/I2c.o
                0x00002f04                I2C_SlaveInit
 .text.I2C_StartCondition
                0x00002f4e       0x36 ./02-Source/01-MCAL/I2C/Src/I2c.o
                0x00002f4e                I2C_StartCondition
 .text.I2C_RepeatedStartCondition
                0x00002f84       0x3c ./02-Source/01-MCAL/I2C/Src/I2c.o
                0x00002f84                I2C_RepeatedStartCondition
 .text.I2C_StopCondition
                0x00002fc0       0x26 ./02-Source/01-MCAL/I2C/Src/I2c.o
                0x00002fc0                I2C_StopCondition
 .text.I2C_WriteByte
                0x00002fe6       0x34 ./02-Source/01-MCAL/I2C/Src/I2c.o
                0x00002fe6                I2C_WriteByte
 .text.I2C_Send_SlaveAddressWriteOperation
                0x0000301a       0x3a ./02-Source/01-MCAL/I2C/Src/I2c.o
                0x0000301a                I2C_Send_SlaveAddressWriteOperation
 .text.I2C_Send_SlaveAddressReadOperation
                0x00003054       0x42 ./02-Source/01-MCAL/I2C/Src/I2c.o
                0x00003054                I2C_Send_SlaveAddressReadOperation
 .text.I2C_ReadByte
                0x00003096       0x2c ./02-Source/01-MCAL/I2C/Src/I2c.o
                0x00003096                I2C_ReadByte
 .text.I2C_ReadStatus
                0x000030c2       0x1e ./02-Source/01-MCAL/I2C/Src/I2c.o
                0x000030c2                I2C_ReadStatus
 .text.EEPROM_Write
                0x000030e0       0x6a ./02-Source/01-MCAL/EEPROM/Src/Eeprom.o
                0x000030e0                EEPROM_Write
 .text.EEPROM_Read
                0x0000314a       0x54 ./02-Source/01-MCAL/EEPROM/Src/Eeprom.o
                0x0000314a                EEPROM_Read
 .text.Dio_ConfigChannel
                0x0000319e      0x1c6 ./02-Source/01-MCAL/DIO/Src/Dio.o
                0x0000319e                Dio_ConfigChannel
 .text.Dio_WriteChannel
                0x00003364      0x1c6 ./02-Source/01-MCAL/DIO/Src/Dio.o
                0x00003364                Dio_WriteChannel
 .text.Dio_ToggleChannel
                0x0000352a       0xfa ./02-Source/01-MCAL/DIO/Src/Dio.o
                0x0000352a                Dio_ToggleChannel
 .text.Dio_WriteGroup
                0x00003624       0xea ./02-Source/01-MCAL/DIO/Src/Dio.o
                0x00003624                Dio_WriteGroup
 .text.Dio_ReadChannel
                0x0000370e      0x126 ./02-Source/01-MCAL/DIO/Src/Dio.o
                0x0000370e                Dio_ReadChannel
 .text.adcInit  0x00003834       0x32 ./02-Source/01-MCAL/ADC/Src/Adc.o
                0x00003834                adcInit
 .text.adcStartConversion
                0x00003866      0x1b6 ./02-Source/01-MCAL/ADC/Src/Adc.o
                0x00003866                adcStartConversion
 .text.adcBusy  0x00003a1c       0x7a ./02-Source/01-MCAL/ADC/Src/Adc.o
                0x00003a1c                adcBusy
 .text.adcResultFlagCheck
                0x00003a96      0x178 ./02-Source/01-MCAL/ADC/Src/Adc.o
                0x00003a96                adcResultFlagCheck
 .text.map      0x00003c0e      0x10a ./02-Source/00-Library/Scr/Bit_math.o
                0x00003c0e                map
 .text.libgcc   0x00003d18       0x3e c:/winavr-20100110/bin/../lib/gcc/avr/4.3.3/avr5\libgcc.a(_mulsi3.o)
                0x00003d18                __mulsi3
 .text.libgcc   0x00003d56       0x28 c:/winavr-20100110/bin/../lib/gcc/avr/4.3.3/avr5\libgcc.a(_udivmodhi4.o)
                0x00003d56                __udivmodhi4
 .text.libgcc   0x00003d7e       0x36 c:/winavr-20100110/bin/../lib/gcc/avr/4.3.3/avr5\libgcc.a(_divmodsi4.o)
                0x00003d7e                __divmodsi4
 .text.libgcc   0x00003db4        0x0 c:/winavr-20100110/bin/../lib/gcc/avr/4.3.3/avr5\libgcc.a(_exit.o)
 .text.libgcc   0x00003db4        0x0 c:/winavr-20100110/bin/../lib/gcc/avr/4.3.3/avr5\libgcc.a(_copy_data.o)
 .text.libgcc   0x00003db4        0x0 c:/winavr-20100110/bin/../lib/gcc/avr/4.3.3/avr5\libgcc.a(_clear_bss.o)
 .text.libgcc   0x00003db4       0x44 c:/winavr-20100110/bin/../lib/gcc/avr/4.3.3/avr5\libgcc.a(_udivmodsi4.o)
                0x00003db4                __udivmodsi4
 .text.libgcc   0x00003df8       0x38 c:/winavr-20100110/bin/../lib/gcc/avr/4.3.3/avr5\libgcc.a(_prologue.o)
                0x00003df8                __prologue_saves__
 .text.libgcc   0x00003e30       0x36 c:/winavr-20100110/bin/../lib/gcc/avr/4.3.3/avr5\libgcc.a(_epilogue.o)
                0x00003e30                __epilogue_restores__
 .text.avr-libc
                0x00003e66        0xe c:/winavr-20100110/bin/../lib/gcc/avr/4.3.3/../../../../avr/lib/avr5\libc.a(memset.o)
                0x00003e66                memset
                0x00003e74                . = ALIGN (0x2)
 *(.fini9)
 .fini9         0x00003e74        0x0 c:/winavr-20100110/bin/../lib/gcc/avr/4.3.3/avr5\libgcc.a(_exit.o)
                0x00003e74                exit
                0x00003e74                _exit
 *(.fini9)
 *(.fini8)
 *(.fini8)
 *(.fini7)
 *(.fini7)
 *(.fini6)
 *(.fini6)
 *(.fini5)
 *(.fini5)
 *(.fini4)
 *(.fini4)
 *(.fini3)
 *(.fini3)
 *(.fini2)
 *(.fini2)
 *(.fini1)
 *(.fini1)
 *(.fini0)
 .fini0         0x00003e74        0x4 c:/winavr-20100110/bin/../lib/gcc/avr/4.3.3/avr5\libgcc.a(_exit.o)
 *(.fini0)
                0x00003e78                _etext = .

.data           0x00800060       0xea load address 0x00003e78
                0x00800060                PROVIDE (__data_start, .)
 *(.data)
 .data          0x00800060        0x0 c:/winavr-20100110/bin/../lib/gcc/avr/4.3.3/../../../../avr/lib/avr5/crtm32.o
 .data          0x00800060       0xa1 ./02-Source/04-Application/main.o
 .data          0x00800101        0x0 ./02-Source/02-HAL/LED/Src/Led.o
 .data          0x00800101        0x0 ./02-Source/02-HAL/LCD/Src/LCD.o
 .data          0x00800101        0x0 ./02-Source/02-HAL/LCD/Src/Lcd_Cfg.o
 .data          0x00800101        0x0 ./02-Source/02-HAL/Eeprom24C16/Src/ Eeprom24C16.o
 .data          0x00800101        0x0 ./02-Source/02-HAL/BUZZER/Src/buzzer.o
 .data          0x00800101        0x0 ./02-Source/01-MCAL/UART/Src/Uart.o
 .data          0x00800101        0x0 ./02-Source/01-MCAL/Interrupt/Global interrupt/Src/GINT.o
 .data          0x00800101        0x0 ./02-Source/01-MCAL/Interrupt/EXT_INT/Scr/Ext_Int.o
 .data          0x00800101        0x0 ./02-Source/01-MCAL/I2C/Src/I2c.o
 .data          0x00800101        0x0 ./02-Source/01-MCAL/EEPROM/Src/Eeprom.o
 .data          0x00800101        0x0 ./02-Source/01-MCAL/DIO/Src/Dio.o
 .data          0x00800101        0x0 ./02-Source/01-MCAL/ADC/Src/Adc.o
 .data          0x00800101        0x0 ./02-Source/00-Library/Scr/Bit_math.o
 .data          0x00800101        0x0 c:/winavr-20100110/bin/../lib/gcc/avr/4.3.3/avr5\libgcc.a(_mulsi3.o)
 .data          0x00800101        0x0 c:/winavr-20100110/bin/../lib/gcc/avr/4.3.3/avr5\libgcc.a(_udivmodhi4.o)
 .data          0x00800101        0x0 c:/winavr-20100110/bin/../lib/gcc/avr/4.3.3/avr5\libgcc.a(_divmodsi4.o)
 .data          0x00800101        0x0 c:/winavr-20100110/bin/../lib/gcc/avr/4.3.3/avr5\libgcc.a(_exit.o)
 .data          0x00800101        0x0 c:/winavr-20100110/bin/../lib/gcc/avr/4.3.3/avr5\libgcc.a(_copy_data.o)
 .data          0x00800101        0x0 c:/winavr-20100110/bin/../lib/gcc/avr/4.3.3/avr5\libgcc.a(_clear_bss.o)
 .data          0x00800101        0x0 c:/winavr-20100110/bin/../lib/gcc/avr/4.3.3/avr5\libgcc.a(_fixunssfsi.o)
 .data          0x00800101        0x0 c:/winavr-20100110/bin/../lib/gcc/avr/4.3.3/avr5\libgcc.a(_addsub_sf.o)
 .data          0x00800101        0x0 c:/winavr-20100110/bin/../lib/gcc/avr/4.3.3/avr5\libgcc.a(_mul_sf.o)
 .data          0x00800101        0x0 c:/winavr-20100110/bin/../lib/gcc/avr/4.3.3/avr5\libgcc.a(_div_sf.o)
 .data          0x00800101        0x0 c:/winavr-20100110/bin/../lib/gcc/avr/4.3.3/avr5\libgcc.a(_gt_sf.o)
 .data          0x00800101        0x0 c:/winavr-20100110/bin/../lib/gcc/avr/4.3.3/avr5\libgcc.a(_ge_sf.o)
 .data          0x00800101        0x0 c:/winavr-20100110/bin/../lib/gcc/avr/4.3.3/avr5\libgcc.a(_lt_sf.o)
 .data          0x00800101        0x0 c:/winavr-20100110/bin/../lib/gcc/avr/4.3.3/avr5\libgcc.a(_sf_to_si.o)
 .data          0x00800101        0x8 c:/winavr-20100110/bin/../lib/gcc/avr/4.3.3/avr5\libgcc.a(_thenan_sf.o)
                0x00800101                __thenan_sf
 .data          0x00800109        0x0 c:/winavr-20100110/bin/../lib/gcc/avr/4.3.3/avr5\libgcc.a(_udivmodsi4.o)
 .data          0x00800109        0x0 c:/winavr-20100110/bin/../lib/gcc/avr/4.3.3/avr5\libgcc.a(_prologue.o)
 .data          0x00800109        0x0 c:/winavr-20100110/bin/../lib/gcc/avr/4.3.3/avr5\libgcc.a(_epilogue.o)
 .data          0x00800109        0x0 c:/winavr-20100110/bin/../lib/gcc/avr/4.3.3/avr5\libgcc.a(_pack_sf.o)
 .data          0x00800109        0x0 c:/winavr-20100110/bin/../lib/gcc/avr/4.3.3/avr5\libgcc.a(_unpack_sf.o)
 .data          0x00800109        0x0 c:/winavr-20100110/bin/../lib/gcc/avr/4.3.3/avr5\libgcc.a(_fpcmp_parts_sf.o)
 .data          0x00800109        0x0 c:/winavr-20100110/bin/../lib/gcc/avr/4.3.3/../../../../avr/lib/avr5\libc.a(memset.o)
 *(.data*)
 .data.customChar
                0x00800109       0x40 ./02-Source/02-HAL/LCD/Src/Lcd_Cfg.o
                0x00800109                customChar
 *(.rodata)
 *(.rodata*)
 *(.gnu.linkonce.d*)
                0x0080014a                . = ALIGN (0x2)
 *fill*         0x00800149        0x1 00
                0x0080014a                _edata = .
                0x0080014a                PROVIDE (__data_end, .)

.bss            0x0080014a       0x43
                0x0080014a                PROVIDE (__bss_start, .)
 *(.bss)
 .bss           0x0080014a        0x0 c:/winavr-20100110/bin/../lib/gcc/avr/4.3.3/../../../../avr/lib/avr5/crtm32.o
 .bss           0x0080014a        0x0 ./02-Source/04-Application/main.o
 .bss           0x0080014a        0x0 ./02-Source/02-HAL/LED/Src/Led.o
 .bss           0x0080014a        0x0 ./02-Source/02-HAL/LCD/Src/LCD.o
 .bss           0x0080014a        0x0 ./02-Source/02-HAL/LCD/Src/Lcd_Cfg.o
 .bss           0x0080014a        0x0 ./02-Source/02-HAL/Eeprom24C16/Src/ Eeprom24C16.o
 .bss           0x0080014a        0x0 ./02-Source/02-HAL/BUZZER/Src/buzzer.o
 .bss           0x0080014a        0x0 ./02-Source/01-MCAL/UART/Src/Uart.o
 .bss           0x0080014a        0x0 ./02-Source/01-MCAL/Interrupt/Global interrupt/Src/GINT.o
 .bss           0x0080014a        0x0 ./02-Source/01-MCAL/Interrupt/EXT_INT/Scr/Ext_Int.o
 .bss           0x0080014a        0x0 ./02-Source/01-MCAL/I2C/Src/I2c.o
 .bss           0x0080014a        0x0 ./02-Source/01-MCAL/EEPROM/Src/Eeprom.o
 .bss           0x0080014a        0x0 ./02-Source/01-MCAL/DIO/Src/Dio.o
 .bss           0x0080014a        0x0 ./02-Source/01-MCAL/ADC/Src/Adc.o
 .bss           0x0080014a        0x0 ./02-Source/00-Library/Scr/Bit_math.o
 .bss           0x0080014a        0x0 c:/winavr-20100110/bin/../lib/gcc/avr/4.3.3/avr5\libgcc.a(_mulsi3.o)
 .bss           0x0080014a        0x0 c:/winavr-20100110/bin/../lib/gcc/avr/4.3.3/avr5\libgcc.a(_udivmodhi4.o)
 .bss           0x0080014a        0x0 c:/winavr-20100110/bin/../lib/gcc/avr/4.3.3/avr5\libgcc.a(_divmodsi4.o)
 .bss           0x0080014a        0x0 c:/winavr-20100110/bin/../lib/gcc/avr/4.3.3/avr5\libgcc.a(_exit.o)
 .bss           0x0080014a        0x0 c:/winavr-20100110/bin/../lib/gcc/avr/4.3.3/avr5\libgcc.a(_copy_data.o)
 .bss           0x0080014a        0x0 c:/winavr-20100110/bin/../lib/gcc/avr/4.3.3/avr5\libgcc.a(_clear_bss.o)
 .bss           0x0080014a        0x0 c:/winavr-20100110/bin/../lib/gcc/avr/4.3.3/avr5\libgcc.a(_fixunssfsi.o)
 .bss           0x0080014a        0x0 c:/winavr-20100110/bin/../lib/gcc/avr/4.3.3/avr5\libgcc.a(_addsub_sf.o)
 .bss           0x0080014a        0x0 c:/winavr-20100110/bin/../lib/gcc/avr/4.3.3/avr5\libgcc.a(_mul_sf.o)
 .bss           0x0080014a        0x0 c:/winavr-20100110/bin/../lib/gcc/avr/4.3.3/avr5\libgcc.a(_div_sf.o)
 .bss           0x0080014a        0x0 c:/winavr-20100110/bin/../lib/gcc/avr/4.3.3/avr5\libgcc.a(_gt_sf.o)
 .bss           0x0080014a        0x0 c:/winavr-20100110/bin/../lib/gcc/avr/4.3.3/avr5\libgcc.a(_ge_sf.o)
 .bss           0x0080014a        0x0 c:/winavr-20100110/bin/../lib/gcc/avr/4.3.3/avr5\libgcc.a(_lt_sf.o)
 .bss           0x0080014a        0x0 c:/winavr-20100110/bin/../lib/gcc/avr/4.3.3/avr5\libgcc.a(_sf_to_si.o)
 .bss           0x0080014a        0x0 c:/winavr-20100110/bin/../lib/gcc/avr/4.3.3/avr5\libgcc.a(_thenan_sf.o)
 .bss           0x0080014a        0x0 c:/winavr-20100110/bin/../lib/gcc/avr/4.3.3/avr5\libgcc.a(_udivmodsi4.o)
 .bss           0x0080014a        0x0 c:/winavr-20100110/bin/../lib/gcc/avr/4.3.3/avr5\libgcc.a(_prologue.o)
 .bss           0x0080014a        0x0 c:/winavr-20100110/bin/../lib/gcc/avr/4.3.3/avr5\libgcc.a(_epilogue.o)
 .bss           0x0080014a        0x0 c:/winavr-20100110/bin/../lib/gcc/avr/4.3.3/avr5\libgcc.a(_pack_sf.o)
 .bss           0x0080014a        0x0 c:/winavr-20100110/bin/../lib/gcc/avr/4.3.3/avr5\libgcc.a(_unpack_sf.o)
 .bss           0x0080014a        0x0 c:/winavr-20100110/bin/../lib/gcc/avr/4.3.3/avr5\libgcc.a(_fpcmp_parts_sf.o)
 .bss           0x0080014a        0x0 c:/winavr-20100110/bin/../lib/gcc/avr/4.3.3/../../../../avr/lib/avr5\libc.a(memset.o)
 *(.bss*)
 .bss.i.1305    0x0080014a        0x2 ./02-Source/02-HAL/Eeprom24C16/Src/ Eeprom24C16.o
 .bss.uartResult
                0x0080014c        0x1 ./02-Source/01-MCAL/UART/Src/Uart.o
                0x0080014c                uartResult
 .bss.UART_RxBuffer_Index
                0x0080014d        0x1 ./02-Source/01-MCAL/UART/Src/Uart.o
                0x0080014d                UART_RxBuffer_Index
 .bss.Rx_Buffer_Ready
                0x0080014e        0x1 ./02-Source/01-MCAL/UART/Src/Uart.o
                0x0080014e                Rx_Buffer_Ready
 .bss.ADC_CHNL0_Flag
                0x0080014f        0x1 ./02-Source/01-MCAL/ADC/Src/Adc.o
                0x0080014f                ADC_CHNL0_Flag
 .bss.ADC_CHNL1_Flag
                0x00800150        0x1 ./02-Source/01-MCAL/ADC/Src/Adc.o
                0x00800150                ADC_CHNL1_Flag
 .bss.ADC_CHNL2_Flag
                0x00800151        0x1 ./02-Source/01-MCAL/ADC/Src/Adc.o
                0x00800151                ADC_CHNL2_Flag
 .bss.ADC_CHNL3_Flag
                0x00800152        0x1 ./02-Source/01-MCAL/ADC/Src/Adc.o
                0x00800152                ADC_CHNL3_Flag
 .bss.ADC_CHNL4_Flag
                0x00800153        0x1 ./02-Source/01-MCAL/ADC/Src/Adc.o
                0x00800153                ADC_CHNL4_Flag
 .bss.ADC_CHNL5_Flag
                0x00800154        0x1 ./02-Source/01-MCAL/ADC/Src/Adc.o
                0x00800154                ADC_CHNL5_Flag
 .bss.ADC_CHNL6_Flag
                0x00800155        0x1 ./02-Source/01-MCAL/ADC/Src/Adc.o
                0x00800155                ADC_CHNL6_Flag
 .bss.ADC_CHNL7_Flag
                0x00800156        0x1 ./02-Source/01-MCAL/ADC/Src/Adc.o
                0x00800156                ADC_CHNL7_Flag
 .bss.result_ADC_CHNL0
                0x00800157        0x2 ./02-Source/01-MCAL/ADC/Src/Adc.o
                0x00800157                result_ADC_CHNL0
 .bss.result_ADC_CHNL1
                0x00800159        0x2 ./02-Source/01-MCAL/ADC/Src/Adc.o
                0x00800159                result_ADC_CHNL1
 .bss.result_ADC_CHNL2
                0x0080015b        0x2 ./02-Source/01-MCAL/ADC/Src/Adc.o
                0x0080015b                result_ADC_CHNL2
 .bss.result_ADC_CHNL3
                0x0080015d        0x2 ./02-Source/01-MCAL/ADC/Src/Adc.o
                0x0080015d                result_ADC_CHNL3
 .bss.result_ADC_CHNL4
                0x0080015f        0x2 ./02-Source/01-MCAL/ADC/Src/Adc.o
                0x0080015f                result_ADC_CHNL4
 .bss.result_ADC_CHNL5
                0x00800161        0x2 ./02-Source/01-MCAL/ADC/Src/Adc.o
                0x00800161                result_ADC_CHNL5
 .bss.result_ADC_CHNL6
                0x00800163        0x2 ./02-Source/01-MCAL/ADC/Src/Adc.o
                0x00800163                result_ADC_CHNL6
 .bss.result_ADC_CHNL7
                0x00800165        0x2 ./02-Source/01-MCAL/ADC/Src/Adc.o
                0x00800165                result_ADC_CHNL7
 .bss.ResultADCReadyFlag0
                0x00800167        0x1 ./02-Source/01-MCAL/ADC/Src/Adc.o
                0x00800167                ResultADCReadyFlag0
 .bss.ResultADCReadyFlag1
                0x00800168        0x1 ./02-Source/01-MCAL/ADC/Src/Adc.o
                0x00800168                ResultADCReadyFlag1
 .bss.ResultADCReadyFlag2
                0x00800169        0x1 ./02-Source/01-MCAL/ADC/Src/Adc.o
                0x00800169                ResultADCReadyFlag2
 .bss.ResultADCReadyFlag3
                0x0080016a        0x1 ./02-Source/01-MCAL/ADC/Src/Adc.o
                0x0080016a                ResultADCReadyFlag3
 .bss.ResultADCReadyFlag4
                0x0080016b        0x1 ./02-Source/01-MCAL/ADC/Src/Adc.o
                0x0080016b                ResultADCReadyFlag4
 .bss.ResultADCReadyFlag5
                0x0080016c        0x1 ./02-Source/01-MCAL/ADC/Src/Adc.o
                0x0080016c                ResultADCReadyFlag5
 .bss.ResultADCReadyFlag6
                0x0080016d        0x1 ./02-Source/01-MCAL/ADC/Src/Adc.o
                0x0080016d                ResultADCReadyFlag6
 .bss.ResultADCReadyFlag7
                0x0080016e        0x1 ./02-Source/01-MCAL/ADC/Src/Adc.o
                0x0080016e                ResultADCReadyFlag7
 *(COMMON)
 COMMON         0x0080016f        0x5 ./02-Source/04-Application/main.o
                0x0080016f                middle
                0x00800170                little
                0x00800171                index_F
                0x00800172                ring
                0x00800173                thumb
 COMMON         0x00800174       0x19 ./02-Source/01-MCAL/UART/Src/Uart.o
                0x00800174                UART_RxBuffer
                0x0080018d                PROVIDE (__bss_end, .)
                0x00003e78                __data_load_start = LOADADDR (.data)
                0x00003f62                __data_load_end = (__data_load_start + SIZEOF (.data))

.noinit         0x0080018d        0x0
                0x0080018d                PROVIDE (__noinit_start, .)
 *(.noinit*)
                0x0080018d                PROVIDE (__noinit_end, .)
                0x0080018d                _end = .
                0x0080018d                PROVIDE (__heap_start, .)

.eeprom         0x00810000        0x0
 *(.eeprom*)
                0x00810000                __eeprom_end = .

.fuse
 *(.fuse)
 *(.lfuse)
 *(.hfuse)
 *(.efuse)

.lock
 *(.lock*)

.signature
 *(.signature*)

.stab           0x00000000     0x3c0c
 *(.stab)
 .stab          0x00000000      0xd2c ./02-Source/04-Application/main.o
 .stab          0x00000d2c      0x27c ./02-Source/02-HAL/LED/Src/Led.o
                                0x3b4 (size before relaxing)
 .stab          0x00000fa8      0xaec ./02-Source/02-HAL/LCD/Src/LCD.o
                                0xdb0 (size before relaxing)
 .stab          0x00001a94      0x144 ./02-Source/02-HAL/LCD/Src/Lcd_Cfg.o
                                0x408 (size before relaxing)
 .stab          0x00001bd8      0x390 ./02-Source/02-HAL/Eeprom24C16/Src/ Eeprom24C16.o
                                0x498 (size before relaxing)
 .stab          0x00001f68      0x1d4 ./02-Source/02-HAL/BUZZER/Src/buzzer.o
                                0x2dc (size before relaxing)
 .stab          0x0000213c      0x3e4 ./02-Source/01-MCAL/UART/Src/Uart.o
                                0x6cc (size before relaxing)
 .stab          0x00002520      0x174 ./02-Source/01-MCAL/Interrupt/Global interrupt/Src/GINT.o
                                0x204 (size before relaxing)
 .stab          0x00002694      0x264 ./02-Source/01-MCAL/Interrupt/EXT_INT/Scr/Ext_Int.o
                                0x33c (size before relaxing)
 .stab          0x000028f8      0x4c8 ./02-Source/01-MCAL/I2C/Src/I2c.o
                                0x5dc (size before relaxing)
 .stab          0x00002dc0      0x1ec ./02-Source/01-MCAL/EEPROM/Src/Eeprom.o
                                0x27c (size before relaxing)
 .stab          0x00002fac      0x4e0 ./02-Source/01-MCAL/DIO/Src/Dio.o
                                0x5e8 (size before relaxing)
 .stab          0x0000348c      0x63c ./02-Source/01-MCAL/ADC/Src/Adc.o
                                0x888 (size before relaxing)
 .stab          0x00003ac8      0x144 ./02-Source/00-Library/Scr/Bit_math.o
                                0x150 (size before relaxing)

.stabstr        0x00000000     0x1fe3
 *(.stabstr)
 .stabstr       0x00000000     0x1fe3 ./02-Source/04-Application/main.o

.stab.excl
 *(.stab.excl)

.stab.exclstr
 *(.stab.exclstr)

.stab.index
 *(.stab.index)

.stab.indexstr
 *(.stab.indexstr)

.comment
 *(.comment)

.debug
 *(.debug)

.line
 *(.line)

.debug_srcinfo
 *(.debug_srcinfo)

.debug_sfnames
 *(.debug_sfnames)

.debug_aranges  0x00000000      0x160
 *(.debug_aranges)
 .debug_aranges
                0x00000000       0x20 c:/winavr-20100110/bin/../lib/gcc/avr/4.3.3/avr5\libgcc.a(_fixunssfsi.o)
 .debug_aranges
                0x00000020       0x20 c:/winavr-20100110/bin/../lib/gcc/avr/4.3.3/avr5\libgcc.a(_addsub_sf.o)
 .debug_aranges
                0x00000040       0x20 c:/winavr-20100110/bin/../lib/gcc/avr/4.3.3/avr5\libgcc.a(_mul_sf.o)
 .debug_aranges
                0x00000060       0x20 c:/winavr-20100110/bin/../lib/gcc/avr/4.3.3/avr5\libgcc.a(_div_sf.o)
 .debug_aranges
                0x00000080       0x20 c:/winavr-20100110/bin/../lib/gcc/avr/4.3.3/avr5\libgcc.a(_gt_sf.o)
 .debug_aranges
                0x000000a0       0x20 c:/winavr-20100110/bin/../lib/gcc/avr/4.3.3/avr5\libgcc.a(_ge_sf.o)
 .debug_aranges
                0x000000c0       0x20 c:/winavr-20100110/bin/../lib/gcc/avr/4.3.3/avr5\libgcc.a(_lt_sf.o)
 .debug_aranges
                0x000000e0       0x20 c:/winavr-20100110/bin/../lib/gcc/avr/4.3.3/avr5\libgcc.a(_sf_to_si.o)
 .debug_aranges
                0x00000100       0x20 c:/winavr-20100110/bin/../lib/gcc/avr/4.3.3/avr5\libgcc.a(_pack_sf.o)
 .debug_aranges
                0x00000120       0x20 c:/winavr-20100110/bin/../lib/gcc/avr/4.3.3/avr5\libgcc.a(_unpack_sf.o)
 .debug_aranges
                0x00000140       0x20 c:/winavr-20100110/bin/../lib/gcc/avr/4.3.3/avr5\libgcc.a(_fpcmp_parts_sf.o)

.debug_pubnames
                0x00000000      0x18f
 *(.debug_pubnames)
 .debug_pubnames
                0x00000000       0x23 c:/winavr-20100110/bin/../lib/gcc/avr/4.3.3/avr5\libgcc.a(_fixunssfsi.o)
 .debug_pubnames
                0x00000023       0x2c c:/winavr-20100110/bin/../lib/gcc/avr/4.3.3/avr5\libgcc.a(_addsub_sf.o)
 .debug_pubnames
                0x0000004f       0x1f c:/winavr-20100110/bin/../lib/gcc/avr/4.3.3/avr5\libgcc.a(_mul_sf.o)
 .debug_pubnames
                0x0000006e       0x1f c:/winavr-20100110/bin/../lib/gcc/avr/4.3.3/avr5\libgcc.a(_div_sf.o)
 .debug_pubnames
                0x0000008d       0x1e c:/winavr-20100110/bin/../lib/gcc/avr/4.3.3/avr5\libgcc.a(_gt_sf.o)
 .debug_pubnames
                0x000000ab       0x1e c:/winavr-20100110/bin/../lib/gcc/avr/4.3.3/avr5\libgcc.a(_ge_sf.o)
 .debug_pubnames
                0x000000c9       0x1e c:/winavr-20100110/bin/../lib/gcc/avr/4.3.3/avr5\libgcc.a(_lt_sf.o)
 .debug_pubnames
                0x000000e7       0x20 c:/winavr-20100110/bin/../lib/gcc/avr/4.3.3/avr5\libgcc.a(_sf_to_si.o)
 .debug_pubnames
                0x00000107       0x22 c:/winavr-20100110/bin/../lib/gcc/avr/4.3.3/avr5\libgcc.a(_thenan_sf.o)
 .debug_pubnames
                0x00000129       0x1f c:/winavr-20100110/bin/../lib/gcc/avr/4.3.3/avr5\libgcc.a(_pack_sf.o)
 .debug_pubnames
                0x00000148       0x21 c:/winavr-20100110/bin/../lib/gcc/avr/4.3.3/avr5\libgcc.a(_unpack_sf.o)
 .debug_pubnames
                0x00000169       0x26 c:/winavr-20100110/bin/../lib/gcc/avr/4.3.3/avr5\libgcc.a(_fpcmp_parts_sf.o)

.debug_info     0x00000000     0x2045
 *(.debug_info)
 .debug_info    0x00000000       0xb1 c:/winavr-20100110/bin/../lib/gcc/avr/4.3.3/avr5\libgcc.a(_fixunssfsi.o)
 .debug_info    0x000000b1      0x47a c:/winavr-20100110/bin/../lib/gcc/avr/4.3.3/avr5\libgcc.a(_addsub_sf.o)
 .debug_info    0x0000052b      0x485 c:/winavr-20100110/bin/../lib/gcc/avr/4.3.3/avr5\libgcc.a(_mul_sf.o)
 .debug_info    0x000009b0      0x3fc c:/winavr-20100110/bin/../lib/gcc/avr/4.3.3/avr5\libgcc.a(_div_sf.o)
 .debug_info    0x00000dac      0x27f c:/winavr-20100110/bin/../lib/gcc/avr/4.3.3/avr5\libgcc.a(_gt_sf.o)
 .debug_info    0x0000102b      0x27f c:/winavr-20100110/bin/../lib/gcc/avr/4.3.3/avr5\libgcc.a(_ge_sf.o)
 .debug_info    0x000012aa      0x27f c:/winavr-20100110/bin/../lib/gcc/avr/4.3.3/avr5\libgcc.a(_lt_sf.o)
 .debug_info    0x00001529      0x2b0 c:/winavr-20100110/bin/../lib/gcc/avr/4.3.3/avr5\libgcc.a(_sf_to_si.o)
 .debug_info    0x000017d9      0x12c c:/winavr-20100110/bin/../lib/gcc/avr/4.3.3/avr5\libgcc.a(_thenan_sf.o)
 .debug_info    0x00001905      0x2df c:/winavr-20100110/bin/../lib/gcc/avr/4.3.3/avr5\libgcc.a(_pack_sf.o)
 .debug_info    0x00001be4      0x251 c:/winavr-20100110/bin/../lib/gcc/avr/4.3.3/avr5\libgcc.a(_unpack_sf.o)
 .debug_info    0x00001e35      0x210 c:/winavr-20100110/bin/../lib/gcc/avr/4.3.3/avr5\libgcc.a(_fpcmp_parts_sf.o)
 *(.gnu.linkonce.wi.*)

.debug_abbrev   0x00000000     0x1101
 *(.debug_abbrev)
 .debug_abbrev  0x00000000       0x5d c:/winavr-20100110/bin/../lib/gcc/avr/4.3.3/avr5\libgcc.a(_fixunssfsi.o)
 .debug_abbrev  0x0000005d      0x1ea c:/winavr-20100110/bin/../lib/gcc/avr/4.3.3/avr5\libgcc.a(_addsub_sf.o)
 .debug_abbrev  0x00000247      0x21b c:/winavr-20100110/bin/../lib/gcc/avr/4.3.3/avr5\libgcc.a(_mul_sf.o)
 .debug_abbrev  0x00000462      0x216 c:/winavr-20100110/bin/../lib/gcc/avr/4.3.3/avr5\libgcc.a(_div_sf.o)
 .debug_abbrev  0x00000678      0x15a c:/winavr-20100110/bin/../lib/gcc/avr/4.3.3/avr5\libgcc.a(_gt_sf.o)
 .debug_abbrev  0x000007d2      0x15a c:/winavr-20100110/bin/../lib/gcc/avr/4.3.3/avr5\libgcc.a(_ge_sf.o)
 .debug_abbrev  0x0000092c      0x15a c:/winavr-20100110/bin/../lib/gcc/avr/4.3.3/avr5\libgcc.a(_lt_sf.o)
 .debug_abbrev  0x00000a86      0x17f c:/winavr-20100110/bin/../lib/gcc/avr/4.3.3/avr5\libgcc.a(_sf_to_si.o)
 .debug_abbrev  0x00000c05       0xad c:/winavr-20100110/bin/../lib/gcc/avr/4.3.3/avr5\libgcc.a(_thenan_sf.o)
 .debug_abbrev  0x00000cb2      0x1c0 c:/winavr-20100110/bin/../lib/gcc/avr/4.3.3/avr5\libgcc.a(_pack_sf.o)
 .debug_abbrev  0x00000e72      0x154 c:/winavr-20100110/bin/../lib/gcc/avr/4.3.3/avr5\libgcc.a(_unpack_sf.o)
 .debug_abbrev  0x00000fc6      0x13b c:/winavr-20100110/bin/../lib/gcc/avr/4.3.3/avr5\libgcc.a(_fpcmp_parts_sf.o)

.debug_line     0x00000000      0xf82
 *(.debug_line)
 .debug_line    0x00000000       0xa7 c:/winavr-20100110/bin/../lib/gcc/avr/4.3.3/avr5\libgcc.a(_fixunssfsi.o)
 .debug_line    0x000000a7      0x2af c:/winavr-20100110/bin/../lib/gcc/avr/4.3.3/avr5\libgcc.a(_addsub_sf.o)
 .debug_line    0x00000356      0x239 c:/winavr-20100110/bin/../lib/gcc/avr/4.3.3/avr5\libgcc.a(_mul_sf.o)
 .debug_line    0x0000058f      0x1d5 c:/winavr-20100110/bin/../lib/gcc/avr/4.3.3/avr5\libgcc.a(_div_sf.o)
 .debug_line    0x00000764       0xd3 c:/winavr-20100110/bin/../lib/gcc/avr/4.3.3/avr5\libgcc.a(_gt_sf.o)
 .debug_line    0x00000837       0xd3 c:/winavr-20100110/bin/../lib/gcc/avr/4.3.3/avr5\libgcc.a(_ge_sf.o)
 .debug_line    0x0000090a       0xd3 c:/winavr-20100110/bin/../lib/gcc/avr/4.3.3/avr5\libgcc.a(_lt_sf.o)
 .debug_line    0x000009dd      0x109 c:/winavr-20100110/bin/../lib/gcc/avr/4.3.3/avr5\libgcc.a(_sf_to_si.o)
 .debug_line    0x00000ae6       0x90 c:/winavr-20100110/bin/../lib/gcc/avr/4.3.3/avr5\libgcc.a(_thenan_sf.o)
 .debug_line    0x00000b76      0x18a c:/winavr-20100110/bin/../lib/gcc/avr/4.3.3/avr5\libgcc.a(_pack_sf.o)
 .debug_line    0x00000d00      0x14b c:/winavr-20100110/bin/../lib/gcc/avr/4.3.3/avr5\libgcc.a(_unpack_sf.o)
 .debug_line    0x00000e4b      0x137 c:/winavr-20100110/bin/../lib/gcc/avr/4.3.3/avr5\libgcc.a(_fpcmp_parts_sf.o)

.debug_frame    0x00000000      0x180
 *(.debug_frame)
 .debug_frame   0x00000000       0x20 c:/winavr-20100110/bin/../lib/gcc/avr/4.3.3/avr5\libgcc.a(_fixunssfsi.o)
 .debug_frame   0x00000020       0x40 c:/winavr-20100110/bin/../lib/gcc/avr/4.3.3/avr5\libgcc.a(_addsub_sf.o)
 .debug_frame   0x00000060       0x20 c:/winavr-20100110/bin/../lib/gcc/avr/4.3.3/avr5\libgcc.a(_mul_sf.o)
 .debug_frame   0x00000080       0x20 c:/winavr-20100110/bin/../lib/gcc/avr/4.3.3/avr5\libgcc.a(_div_sf.o)
 .debug_frame   0x000000a0       0x20 c:/winavr-20100110/bin/../lib/gcc/avr/4.3.3/avr5\libgcc.a(_gt_sf.o)
 .debug_frame   0x000000c0       0x20 c:/winavr-20100110/bin/../lib/gcc/avr/4.3.3/avr5\libgcc.a(_ge_sf.o)
 .debug_frame   0x000000e0       0x20 c:/winavr-20100110/bin/../lib/gcc/avr/4.3.3/avr5\libgcc.a(_lt_sf.o)
 .debug_frame   0x00000100       0x20 c:/winavr-20100110/bin/../lib/gcc/avr/4.3.3/avr5\libgcc.a(_sf_to_si.o)
 .debug_frame   0x00000120       0x20 c:/winavr-20100110/bin/../lib/gcc/avr/4.3.3/avr5\libgcc.a(_pack_sf.o)
 .debug_frame   0x00000140       0x20 c:/winavr-20100110/bin/../lib/gcc/avr/4.3.3/avr5\libgcc.a(_unpack_sf.o)
 .debug_frame   0x00000160       0x20 c:/winavr-20100110/bin/../lib/gcc/avr/4.3.3/avr5\libgcc.a(_fpcmp_parts_sf.o)

.debug_str      0x00000000      0x2c2
 *(.debug_str)
 .debug_str     0x00000000       0xbf c:/winavr-20100110/bin/../lib/gcc/avr/4.3.3/avr5\libgcc.a(_fixunssfsi.o)
                                 0xfe (size before relaxing)
 .debug_str     0x000000bf      0x14d c:/winavr-20100110/bin/../lib/gcc/avr/4.3.3/avr5\libgcc.a(_addsub_sf.o)
                                0x206 (size before relaxing)
 .debug_str     0x0000020c       0x27 c:/winavr-20100110/bin/../lib/gcc/avr/4.3.3/avr5\libgcc.a(_mul_sf.o)
                                0x1bf (size before relaxing)
 .debug_str     0x00000233       0x35 c:/winavr-20100110/bin/../lib/gcc/avr/4.3.3/avr5\libgcc.a(_div_sf.o)
                                0x1c8 (size before relaxing)
 .debug_str     0x00000268        0xf c:/winavr-20100110/bin/../lib/gcc/avr/4.3.3/avr5\libgcc.a(_gt_sf.o)
                                0x195 (size before relaxing)
 .debug_str     0x00000277        0x8 c:/winavr-20100110/bin/../lib/gcc/avr/4.3.3/avr5\libgcc.a(_ge_sf.o)
                                0x195 (size before relaxing)
 .debug_str     0x0000027f        0x8 c:/winavr-20100110/bin/../lib/gcc/avr/4.3.3/avr5\libgcc.a(_lt_sf.o)
                                0x195 (size before relaxing)
 .debug_str     0x00000287        0xa c:/winavr-20100110/bin/../lib/gcc/avr/4.3.3/avr5\libgcc.a(_sf_to_si.o)
                                0x19e (size before relaxing)
 .debug_str     0x00000000      0x103 c:/winavr-20100110/bin/../lib/gcc/avr/4.3.3/avr5\libgcc.a(_thenan_sf.o)
 .debug_str     0x00000291       0x16 c:/winavr-20100110/bin/../lib/gcc/avr/4.3.3/avr5\libgcc.a(_pack_sf.o)
                                0x19d (size before relaxing)
 .debug_str     0x000002a7        0xb c:/winavr-20100110/bin/../lib/gcc/avr/4.3.3/avr5\libgcc.a(_unpack_sf.o)
                                0x17f (size before relaxing)
 .debug_str     0x000002b2       0x10 c:/winavr-20100110/bin/../lib/gcc/avr/4.3.3/avr5\libgcc.a(_fpcmp_parts_sf.o)
                                0x163 (size before relaxing)

.debug_loc      0x00000000      0x88e
 *(.debug_loc)
 .debug_loc     0x00000000       0x34 c:/winavr-20100110/bin/../lib/gcc/avr/4.3.3/avr5\libgcc.a(_fixunssfsi.o)
 .debug_loc     0x00000034      0x32a c:/winavr-20100110/bin/../lib/gcc/avr/4.3.3/avr5\libgcc.a(_addsub_sf.o)
 .debug_loc     0x0000035e      0x104 c:/winavr-20100110/bin/../lib/gcc/avr/4.3.3/avr5\libgcc.a(_mul_sf.o)
 .debug_loc     0x00000462       0xc0 c:/winavr-20100110/bin/../lib/gcc/avr/4.3.3/avr5\libgcc.a(_div_sf.o)
 .debug_loc     0x00000522       0x3c c:/winavr-20100110/bin/../lib/gcc/avr/4.3.3/avr5\libgcc.a(_gt_sf.o)
 .debug_loc     0x0000055e       0x3c c:/winavr-20100110/bin/../lib/gcc/avr/4.3.3/avr5\libgcc.a(_ge_sf.o)
 .debug_loc     0x0000059a       0x3c c:/winavr-20100110/bin/../lib/gcc/avr/4.3.3/avr5\libgcc.a(_lt_sf.o)
 .debug_loc     0x000005d6       0x7e c:/winavr-20100110/bin/../lib/gcc/avr/4.3.3/avr5\libgcc.a(_sf_to_si.o)
 .debug_loc     0x00000654      0x13e c:/winavr-20100110/bin/../lib/gcc/avr/4.3.3/avr5\libgcc.a(_pack_sf.o)
 .debug_loc     0x00000792       0xac c:/winavr-20100110/bin/../lib/gcc/avr/4.3.3/avr5\libgcc.a(_unpack_sf.o)
 .debug_loc     0x0000083e       0x50 c:/winavr-20100110/bin/../lib/gcc/avr/4.3.3/avr5\libgcc.a(_fpcmp_parts_sf.o)

.debug_macinfo
 *(.debug_macinfo)
OUTPUT(SignLanguageToText.elf elf32-avr)
LOAD linker stubs

.debug_ranges   0x00000000       0x50
 .debug_ranges  0x00000000       0x50 c:/winavr-20100110/bin/../lib/gcc/avr/4.3.3/avr5\libgcc.a(_mul_sf.o)
